// Jest Snapshot v1, https://goo.gl/fbAQLP

exports[`Header renders correctly 1`] = `
<body>
  <div>
    <header
      class="MuiPaper-root MuiPaper-elevation MuiPaper-elevation0 MuiAppBar-root MuiAppBar-colorPrimary MuiAppBar-positionFixed mui-fixed css-10d26i6-MuiPaper-root-MuiAppBar-root"
      data-testid="header"
    >
      <div
        class="MuiToolbar-root MuiToolbar-gutters MuiToolbar-regular css-1prgphj-MuiToolbar-root"
      >
        <h1
          class="MuiTypography-root MuiTypography-h4 css-1ht2c9-MuiTypography-root"
          data-testid="logo"
        >
          ExPx
        </h1>
        <div
          class="MuiBox-root css-t508yj"
        >
          <button
            class="MuiButtonBase-root MuiIconButton-root MuiIconButton-sizeMedium css-78trlr-MuiButtonBase-root-MuiIconButton-root"
            data-testid="change-header-position-btn"
            tabindex="0"
            type="button"
          >
            <svg
              aria-hidden="true"
              class="MuiSvgIcon-root MuiSvgIcon-fontSizeMedium css-i4bv87-MuiSvgIcon-root"
              data-testid="ArrowCircleDownIcon"
              focusable="false"
              viewBox="0 0 24 24"
            >
              <path
                d="M12 4c4.41 0 8 3.59 8 8s-3.59 8-8 8-8-3.59-8-8 3.59-8 8-8m0-2C6.48 2 2 6.48 2 12s4.48 10 10 10 10-4.48 10-10S17.52 2 12 2zm1 10V8h-2v4H8l4 4 4-4h-3z"
              />
            </svg>
            <span
              class="MuiTouchRipple-root css-8je8zh-MuiTouchRipple-root"
            />
          </button>
        </div>
        <div
          data-testid="auth-form"
        />
      </div>
    </header>
  </div>
</body>
`;
